▿ ActionModel
  ▿ values: 2 elements
    - url1
    - url2
