â–¿ OperationModel
  - value1: 1
  - value2: "string2"
